Isolated Wave 1 identity verified: {
  database: 'planora_wave1_test',
  role: 'planora_wave1_test',
  port: 55440,
  superuser: false,
  bypass: false
}

Isolated integration fixture: accounting-database-certification.test.ts
Migration preflight accepted isolated test database 127.0.0.1/planora_wave1_test.
Environment variables loaded from .env
Prisma schema loaded from prisma\schema.prisma
Datasource "db": PostgreSQL database "planora_wave1_test", schema "cert_06f75869e36147189fcca188cf10213c" at "127.0.0.1:55440"

18 migrations found in prisma/migrations

Applying migration `20260831000100_phase1_foundation`
Applying migration `20260831000200_login_throttle`
Applying migration `20260831110936_phase2_financial_core`
Applying migration `20260831113840_phase3_excel_intelligence`
Applying migration `20260831114612_phase3_excel_source_type`
Applying migration `20260831121058_forecast_mvp_workflow`
Applying migration `20260831183000_agentic_runtime_os`
Applying migration `20260831184500_fix_agentic_tenant_guard`
Applying migration `20260831203000_dashboard_admin_closure`
Applying migration `20261009011000_accounting_ledger_prerequisite`
Applying migration `20261009012000_workflow_orchestration`
Applying migration `20261009015500_bank_ap_ar_foundation`
Applying migration `20261009023000_coa_reporting_metadata`
Applying migration `20261009031500_reporting_governance`
Applying migration `20261009040000_accounting_posting_approvals`
Applying migration `20261009041000_accounting_immutability`
Applying migration `20261009042000_accounting_approval_scope`
Applying migration `20261009050000_reporting_evidence_guards`

The following migration(s) have been applied:

migrations/
  └─ 20260831000100_phase1_foundation/
    └─ migration.sql
  └─ 20260831000200_login_throttle/
    └─ migration.sql
  └─ 20260831110936_phase2_financial_core/
    └─ migration.sql
  └─ 20260831113840_phase3_excel_intelligence/
    └─ migration.sql
  └─ 20260831114612_phase3_excel_source_type/
    └─ migration.sql
  └─ 20260831121058_forecast_mvp_workflow/
    └─ migration.sql
  └─ 20260831183000_agentic_runtime_os/
    └─ migration.sql
  └─ 20260831184500_fix_agentic_tenant_guard/
    └─ migration.sql
  └─ 20260831203000_dashboard_admin_closure/
    └─ migration.sql
  └─ 20261009011000_accounting_ledger_prerequisite/
    └─ migration.sql
  └─ 20261009012000_workflow_orchestration/
    └─ migration.sql
  └─ 20261009015500_bank_ap_ar_foundation/
    └─ migration.sql
  └─ 20261009023000_coa_reporting_metadata/
    └─ migration.sql
  └─ 20261009031500_reporting_governance/
    └─ migration.sql
  └─ 20261009040000_accounting_posting_approvals/
    └─ migration.sql
  └─ 20261009041000_accounting_immutability/
    └─ migration.sql
  └─ 20261009042000_accounting_approval_scope/
    └─ migration.sql
  └─ 20261009050000_reporting_evidence_guards/
    └─ migration.sql

All migrations have been successfully applied.
Environment variables loaded from .env
Prisma schema loaded from prisma\schema.prisma
Datasource "db": PostgreSQL database "planora_wave1_test", schema "cert_06f75869e36147189fcca188cf10213c" at "127.0.0.1:55440"

18 migrations found in prisma/migrations

Database schema is up to date!

 RUN  v4.1.11 C:/Cdev/Planora MVP
      Coverage enabled with v8


 Test Files  1 passed (1)
      Tests  7 passed (7)
   Start at  15:57:52
   Duration  2.84s (transform 111ms, setup 44ms, import 272ms, tests 350ms, environment 0ms)


Isolated integration fixture: agentic-runtime.test.ts
Migration preflight accepted isolated test database 127.0.0.1/planora_wave1_test.
Environment variables loaded from .env
Prisma schema loaded from prisma\schema.prisma
Datasource "db": PostgreSQL database "planora_wave1_test", schema "cert_7ef7851f66f3460598bfce70bd82f107" at "127.0.0.1:55440"

18 migrations found in prisma/migrations

Applying migration `20260831000100_phase1_foundation`
Applying migration `20260831000200_login_throttle`
Applying migration `20260831110936_phase2_financial_core`
Applying migration `20260831113840_phase3_excel_intelligence`
Applying migration `20260831114612_phase3_excel_source_type`
Applying migration `20260831121058_forecast_mvp_workflow`
Applying migration `20260831183000_agentic_runtime_os`
Applying migration `20260831184500_fix_agentic_tenant_guard`
Applying migration `20260831203000_dashboard_admin_closure`
Applying migration `20261009011000_accounting_ledger_prerequisite`
Applying migration `20261009012000_workflow_orchestration`
Applying migration `20261009015500_bank_ap_ar_foundation`
Applying migration `20261009023000_coa_reporting_metadata`
Applying migration `20261009031500_reporting_governance`
Applying migration `20261009040000_accounting_posting_approvals`
Applying migration `20261009041000_accounting_immutability`
Applying migration `20261009042000_accounting_approval_scope`
Applying migration `20261009050000_reporting_evidence_guards`

The following migration(s) have been applied:

migrations/
  └─ 20260831000100_phase1_foundation/
    └─ migration.sql
  └─ 20260831000200_login_throttle/
    └─ migration.sql
  └─ 20260831110936_phase2_financial_core/
    └─ migration.sql
  └─ 20260831113840_phase3_excel_intelligence/
    └─ migration.sql
  └─ 20260831114612_phase3_excel_source_type/
    └─ migration.sql
  └─ 20260831121058_forecast_mvp_workflow/
    └─ migration.sql
  └─ 20260831183000_agentic_runtime_os/
    └─ migration.sql
  └─ 20260831184500_fix_agentic_tenant_guard/
    └─ migration.sql
  └─ 20260831203000_dashboard_admin_closure/
    └─ migration.sql
  └─ 20261009011000_accounting_ledger_prerequisite/
    └─ migration.sql
  └─ 20261009012000_workflow_orchestration/
    └─ migration.sql
  └─ 20261009015500_bank_ap_ar_foundation/
    └─ migration.sql
  └─ 20261009023000_coa_reporting_metadata/
    └─ migration.sql
  └─ 20261009031500_reporting_governance/
    └─ migration.sql
  └─ 20261009040000_accounting_posting_approvals/
    └─ migration.sql
  └─ 20261009041000_accounting_immutability/
    └─ migration.sql
  └─ 20261009042000_accounting_approval_scope/
    └─ migration.sql
  └─ 20261009050000_reporting_evidence_guards/
    └─ migration.sql

All migrations have been successfully applied.
Environment variables loaded from .env
Prisma schema loaded from prisma\schema.prisma
Datasource "db": PostgreSQL database "planora_wave1_test", schema "cert_7ef7851f66f3460598bfce70bd82f107" at "127.0.0.1:55440"

18 migrations found in prisma/migrations

Database schema is up to date!

 RUN  v4.1.11 C:/Cdev/Planora MVP
      Coverage enabled with v8


 Test Files  1 passed (1)
      Tests  11 passed (11)
   Start at  15:58:07
   Duration  6.68s (transform 323ms, setup 49ms, import 618ms, tests 1.70s, environment 0ms)


Isolated integration fixture: excel-import.test.ts
Migration preflight accepted isolated test database 127.0.0.1/planora_wave1_test.
Environment variables loaded from .env
Prisma schema loaded from prisma\schema.prisma
Datasource "db": PostgreSQL database "planora_wave1_test", schema "cert_5172d9210cdb40ab800ef3d87157942d" at "127.0.0.1:55440"

18 migrations found in prisma/migrations

Applying migration `20260831000100_phase1_foundation`
Applying migration `20260831000200_login_throttle`
Applying migration `20260831110936_phase2_financial_core`
Applying migration `20260831113840_phase3_excel_intelligence`
Applying migration `20260831114612_phase3_excel_source_type`
Applying migration `20260831121058_forecast_mvp_workflow`
Applying migration `20260831183000_agentic_runtime_os`
Applying migration `20260831184500_fix_agentic_tenant_guard`
Applying migration `20260831203000_dashboard_admin_closure`
Applying migration `20261009011000_accounting_ledger_prerequisite`
Applying migration `20261009012000_workflow_orchestration`
Applying migration `20261009015500_bank_ap_ar_foundation`
Applying migration `20261009023000_coa_reporting_metadata`
Applying migration `20261009031500_reporting_governance`
Applying migration `20261009040000_accounting_posting_approvals`
Applying migration `20261009041000_accounting_immutability`
Applying migration `20261009042000_accounting_approval_scope`
Applying migration `20261009050000_reporting_evidence_guards`

The following migration(s) have been applied:

migrations/
  └─ 20260831000100_phase1_foundation/
    └─ migration.sql
  └─ 20260831000200_login_throttle/
    └─ migration.sql
  └─ 20260831110936_phase2_financial_core/
    └─ migration.sql
  └─ 20260831113840_phase3_excel_intelligence/
    └─ migration.sql
  └─ 20260831114612_phase3_excel_source_type/
    └─ migration.sql
  └─ 20260831121058_forecast_mvp_workflow/
    └─ migration.sql
  └─ 20260831183000_agentic_runtime_os/
    └─ migration.sql
  └─ 20260831184500_fix_agentic_tenant_guard/
    └─ migration.sql
  └─ 20260831203000_dashboard_admin_closure/
    └─ migration.sql
  └─ 20261009011000_accounting_ledger_prerequisite/
    └─ migration.sql
  └─ 20261009012000_workflow_orchestration/
    └─ migration.sql
  └─ 20261009015500_bank_ap_ar_foundation/
    └─ migration.sql
  └─ 20261009023000_coa_reporting_metadata/
    └─ migration.sql
  └─ 20261009031500_reporting_governance/
    └─ migration.sql
  └─ 20261009040000_accounting_posting_approvals/
    └─ migration.sql
  └─ 20261009041000_accounting_immutability/
    └─ migration.sql
  └─ 20261009042000_accounting_approval_scope/
    └─ migration.sql
  └─ 20261009050000_reporting_evidence_guards/
    └─ migration.sql

All migrations have been successfully applied.
Environment variables loaded from .env
Prisma schema loaded from prisma\schema.prisma
Datasource "db": PostgreSQL database "planora_wave1_test", schema "cert_5172d9210cdb40ab800ef3d87157942d" at "127.0.0.1:55440"

18 migrations found in prisma/migrations

Database schema is up to date!

 RUN  v4.1.11 C:/Cdev/Planora MVP
      Coverage enabled with v8


 Test Files  1 passed (1)
      Tests  3 passed (3)
   Start at  15:58:26
   Duration  3.45s (transform 174ms, setup 40ms, import 822ms, tests 927ms, environment 0ms)


Isolated integration fixture: financial-core.test.ts
Migration preflight accepted isolated test database 127.0.0.1/planora_wave1_test.
Environment variables loaded from .env
Prisma schema loaded from prisma\schema.prisma
Datasource "db": PostgreSQL database "planora_wave1_test", schema "cert_d645700eb15f40759e5a679d3b3469f5" at "127.0.0.1:55440"

18 migrations found in prisma/migrations

Applying migration `20260831000100_phase1_foundation`
Applying migration `20260831000200_login_throttle`
Applying migration `20260831110936_phase2_financial_core`
Applying migration `20260831113840_phase3_excel_intelligence`
Applying migration `20260831114612_phase3_excel_source_type`
Applying migration `20260831121058_forecast_mvp_workflow`
Applying migration `20260831183000_agentic_runtime_os`
Applying migration `20260831184500_fix_agentic_tenant_guard`
Applying migration `20260831203000_dashboard_admin_closure`
Applying migration `20261009011000_accounting_ledger_prerequisite`
Applying migration `20261009012000_workflow_orchestration`
Applying migration `20261009015500_bank_ap_ar_foundation`
Applying migration `20261009023000_coa_reporting_metadata`
Applying migration `20261009031500_reporting_governance`
Applying migration `20261009040000_accounting_posting_approvals`
Applying migration `20261009041000_accounting_immutability`
Applying migration `20261009042000_accounting_approval_scope`
Applying migration `20261009050000_reporting_evidence_guards`

The following migration(s) have been applied:

migrations/
  └─ 20260831000100_phase1_foundation/
    └─ migration.sql
  └─ 20260831000200_login_throttle/
    └─ migration.sql
  └─ 20260831110936_phase2_financial_core/
    └─ migration.sql
  └─ 20260831113840_phase3_excel_intelligence/
    └─ migration.sql
  └─ 20260831114612_phase3_excel_source_type/
    └─ migration.sql
  └─ 20260831121058_forecast_mvp_workflow/
    └─ migration.sql
  └─ 20260831183000_agentic_runtime_os/
    └─ migration.sql
  └─ 20260831184500_fix_agentic_tenant_guard/
    └─ migration.sql
  └─ 20260831203000_dashboard_admin_closure/
    └─ migration.sql
  └─ 20261009011000_accounting_ledger_prerequisite/
    └─ migration.sql
  └─ 20261009012000_workflow_orchestration/
    └─ migration.sql
  └─ 20261009015500_bank_ap_ar_foundation/
    └─ migration.sql
  └─ 20261009023000_coa_reporting_metadata/
    └─ migration.sql
  └─ 20261009031500_reporting_governance/
    └─ migration.sql
  └─ 20261009040000_accounting_posting_approvals/
    └─ migration.sql
  └─ 20261009041000_accounting_immutability/
    └─ migration.sql
  └─ 20261009042000_accounting_approval_scope/
    └─ migration.sql
  └─ 20261009050000_reporting_evidence_guards/
    └─ migration.sql

All migrations have been successfully applied.
Environment variables loaded from .env
Prisma schema loaded from prisma\schema.prisma
Datasource "db": PostgreSQL database "planora_wave1_test", schema "cert_d645700eb15f40759e5a679d3b3469f5" at "127.0.0.1:55440"

18 migrations found in prisma/migrations

Database schema is up to date!

 RUN  v4.1.11 C:/Cdev/Planora MVP
      Coverage enabled with v8


 Test Files  1 passed (1)
      Tests  6 passed (6)
   Start at  15:58:37
   Duration  2.14s (transform 119ms, setup 43ms, import 173ms, tests 419ms, environment 0ms)


Isolated integration fixture: forecast-workflow.test.ts
Migration preflight accepted isolated test database 127.0.0.1/planora_wave1_test.
Environment variables loaded from .env
Prisma schema loaded from prisma\schema.prisma
Datasource "db": PostgreSQL database "planora_wave1_test", schema "cert_711f207ccbd3451bbce274e56755c4ec" at "127.0.0.1:55440"

18 migrations found in prisma/migrations

Applying migration `20260831000100_phase1_foundation`
Applying migration `20260831000200_login_throttle`
Applying migration `20260831110936_phase2_financial_core`
Applying migration `20260831113840_phase3_excel_intelligence`
Applying migration `20260831114612_phase3_excel_source_type`
Applying migration `20260831121058_forecast_mvp_workflow`
Applying migration `20260831183000_agentic_runtime_os`
Applying migration `20260831184500_fix_agentic_tenant_guard`
Applying migration `20260831203000_dashboard_admin_closure`
Applying migration `20261009011000_accounting_ledger_prerequisite`
Applying migration `20261009012000_workflow_orchestration`
Applying migration `20261009015500_bank_ap_ar_foundation`
Applying migration `20261009023000_coa_reporting_metadata`
Applying migration `20261009031500_reporting_governance`
Applying migration `20261009040000_accounting_posting_approvals`
Applying migration `20261009041000_accounting_immutability`
Applying migration `20261009042000_accounting_approval_scope`
Applying migration `20261009050000_reporting_evidence_guards`

The following migration(s) have been applied:

migrations/
  └─ 20260831000100_phase1_foundation/
    └─ migration.sql
  └─ 20260831000200_login_throttle/
    └─ migration.sql
  └─ 20260831110936_phase2_financial_core/
    └─ migration.sql
  └─ 20260831113840_phase3_excel_intelligence/
    └─ migration.sql
  └─ 20260831114612_phase3_excel_source_type/
    └─ migration.sql
  └─ 20260831121058_forecast_mvp_workflow/
    └─ migration.sql
  └─ 20260831183000_agentic_runtime_os/
    └─ migration.sql
  └─ 20260831184500_fix_agentic_tenant_guard/
    └─ migration.sql
  └─ 20260831203000_dashboard_admin_closure/
    └─ migration.sql
  └─ 20261009011000_accounting_ledger_prerequisite/
    └─ migration.sql
  └─ 20261009012000_workflow_orchestration/
    └─ migration.sql
  └─ 20261009015500_bank_ap_ar_foundation/
    └─ migration.sql
  └─ 20261009023000_coa_reporting_metadata/
    └─ migration.sql
  └─ 20261009031500_reporting_governance/
    └─ migration.sql
  └─ 20261009040000_accounting_posting_approvals/
    └─ migration.sql
  └─ 20261009041000_accounting_immutability/
    └─ migration.sql
  └─ 20261009042000_accounting_approval_scope/
    └─ migration.sql
  └─ 20261009050000_reporting_evidence_guards/
    └─ migration.sql

All migrations have been successfully applied.
Environment variables loaded from .env
Prisma schema loaded from prisma\schema.prisma
Datasource "db": PostgreSQL database "planora_wave1_test", schema "cert_711f207ccbd3451bbce274e56755c4ec" at "127.0.0.1:55440"

18 migrations found in prisma/migrations

Database schema is up to date!

 RUN  v4.1.11 C:/Cdev/Planora MVP
      Coverage enabled with v8


 Test Files  1 passed (1)
      Tests  1 passed (1)
   Start at  15:58:46
   Duration  3.03s (transform 266ms, setup 55ms, import 1.02s, tests 615ms, environment 0ms)


Isolated integration fixture: foundation.test.ts
Migration preflight accepted isolated test database 127.0.0.1/planora_wave1_test.
Environment variables loaded from .env
Prisma schema loaded from prisma\schema.prisma
Datasource "db": PostgreSQL database "planora_wave1_test", schema "cert_f1117cf36a3b4ce2bd9ec5698e438f8d" at "127.0.0.1:55440"

18 migrations found in prisma/migrations

Applying migration `20260831000100_phase1_foundation`
Applying migration `20260831000200_login_throttle`
Applying migration `20260831110936_phase2_financial_core`
Applying migration `20260831113840_phase3_excel_intelligence`
Applying migration `20260831114612_phase3_excel_source_type`
Applying migration `20260831121058_forecast_mvp_workflow`
Applying migration `20260831183000_agentic_runtime_os`
Applying migration `20260831184500_fix_agentic_tenant_guard`
Applying migration `20260831203000_dashboard_admin_closure`
Applying migration `20261009011000_accounting_ledger_prerequisite`
Applying migration `20261009012000_workflow_orchestration`
Applying migration `20261009015500_bank_ap_ar_foundation`
Applying migration `20261009023000_coa_reporting_metadata`
Applying migration `20261009031500_reporting_governance`
Applying migration `20261009040000_accounting_posting_approvals`
Applying migration `20261009041000_accounting_immutability`
Applying migration `20261009042000_accounting_approval_scope`
Applying migration `20261009050000_reporting_evidence_guards`

The following migration(s) have been applied:

migrations/
  └─ 20260831000100_phase1_foundation/
    └─ migration.sql
  └─ 20260831000200_login_throttle/
    └─ migration.sql
  └─ 20260831110936_phase2_financial_core/
    └─ migration.sql
  └─ 20260831113840_phase3_excel_intelligence/
    └─ migration.sql
  └─ 20260831114612_phase3_excel_source_type/
    └─ migration.sql
  └─ 20260831121058_forecast_mvp_workflow/
    └─ migration.sql
  └─ 20260831183000_agentic_runtime_os/
    └─ migration.sql
  └─ 20260831184500_fix_agentic_tenant_guard/
    └─ migration.sql
  └─ 20260831203000_dashboard_admin_closure/
    └─ migration.sql
  └─ 20261009011000_accounting_ledger_prerequisite/
    └─ migration.sql
  └─ 20261009012000_workflow_orchestration/
    └─ migration.sql
  └─ 20261009015500_bank_ap_ar_foundation/
    └─ migration.sql
  └─ 20261009023000_coa_reporting_metadata/
    └─ migration.sql
  └─ 20261009031500_reporting_governance/
    └─ migration.sql
  └─ 20261009040000_accounting_posting_approvals/
    └─ migration.sql
  └─ 20261009041000_accounting_immutability/
    └─ migration.sql
  └─ 20261009042000_accounting_approval_scope/
    └─ migration.sql
  └─ 20261009050000_reporting_evidence_guards/
    └─ migration.sql

All migrations have been successfully applied.
Environment variables loaded from .env
Prisma schema loaded from prisma\schema.prisma
Datasource "db": PostgreSQL database "planora_wave1_test", schema "cert_f1117cf36a3b4ce2bd9ec5698e438f8d" at "127.0.0.1:55440"

18 migrations found in prisma/migrations

Database schema is up to date!

 RUN  v4.1.11 C:/Cdev/Planora MVP
      Coverage enabled with v8


 Test Files  1 passed (1)
      Tests  3 passed (3)
   Start at  15:58:54
   Duration  1.59s (transform 62ms, setup 36ms, import 95ms, tests 103ms, environment 0ms)


Isolated integration fixture: login-throttle.test.ts
Migration preflight accepted isolated test database 127.0.0.1/planora_wave1_test.
Environment variables loaded from .env
Prisma schema loaded from prisma\schema.prisma
Datasource "db": PostgreSQL database "planora_wave1_test", schema "cert_b602a30d126b4717bdfb053f1a5a10bb" at "127.0.0.1:55440"

18 migrations found in prisma/migrations

Applying migration `20260831000100_phase1_foundation`
Applying migration `20260831000200_login_throttle`
Applying migration `20260831110936_phase2_financial_core`
Applying migration `20260831113840_phase3_excel_intelligence`
Applying migration `20260831114612_phase3_excel_source_type`
Applying migration `20260831121058_forecast_mvp_workflow`
Applying migration `20260831183000_agentic_runtime_os`
Applying migration `20260831184500_fix_agentic_tenant_guard`
Applying migration `20260831203000_dashboard_admin_closure`
Applying migration `20261009011000_accounting_ledger_prerequisite`
Applying migration `20261009012000_workflow_orchestration`
Applying migration `20261009015500_bank_ap_ar_foundation`
Applying migration `20261009023000_coa_reporting_metadata`
Applying migration `20261009031500_reporting_governance`
Applying migration `20261009040000_accounting_posting_approvals`
Applying migration `20261009041000_accounting_immutability`
Applying migration `20261009042000_accounting_approval_scope`
Applying migration `20261009050000_reporting_evidence_guards`

The following migration(s) have been applied:

migrations/
  └─ 20260831000100_phase1_foundation/
    └─ migration.sql
  └─ 20260831000200_login_throttle/
    └─ migration.sql
  └─ 20260831110936_phase2_financial_core/
    └─ migration.sql
  └─ 20260831113840_phase3_excel_intelligence/
    └─ migration.sql
  └─ 20260831114612_phase3_excel_source_type/
    └─ migration.sql
  └─ 20260831121058_forecast_mvp_workflow/
    └─ migration.sql
  └─ 20260831183000_agentic_runtime_os/
    └─ migration.sql
  └─ 20260831184500_fix_agentic_tenant_guard/
    └─ migration.sql
  └─ 20260831203000_dashboard_admin_closure/
    └─ migration.sql
  └─ 20261009011000_accounting_ledger_prerequisite/
    └─ migration.sql
  └─ 20261009012000_workflow_orchestration/
    └─ migration.sql
  └─ 20261009015500_bank_ap_ar_foundation/
    └─ migration.sql
  └─ 20261009023000_coa_reporting_metadata/
    └─ migration.sql
  └─ 20261009031500_reporting_governance/
    └─ migration.sql
  └─ 20261009040000_accounting_posting_approvals/
    └─ migration.sql
  └─ 20261009041000_accounting_immutability/
    └─ migration.sql
  └─ 20261009042000_accounting_approval_scope/
    └─ migration.sql
  └─ 20261009050000_reporting_evidence_guards/
    └─ migration.sql

All migrations have been successfully applied.
Environment variables loaded from .env
Prisma schema loaded from prisma\schema.prisma
Datasource "db": PostgreSQL database "planora_wave1_test", schema "cert_b602a30d126b4717bdfb053f1a5a10bb" at "127.0.0.1:55440"

18 migrations found in prisma/migrations

Database schema is up to date!

 RUN  v4.1.11 C:/Cdev/Planora MVP
      Coverage enabled with v8


 Test Files  1 passed (1)
      Tests  1 passed (1)
   Start at  15:59:02
   Duration  1.35s (transform 68ms, setup 36ms, import 103ms, tests 111ms, environment 0ms)


Isolated integration fixture: platform-admin.test.ts
Migration preflight accepted isolated test database 127.0.0.1/planora_wave1_test.
Environment variables loaded from .env
Prisma schema loaded from prisma\schema.prisma
Datasource "db": PostgreSQL database "planora_wave1_test", schema "cert_0ef661c852de4dd89d45f3435456c3db" at "127.0.0.1:55440"

18 migrations found in prisma/migrations

Applying migration `20260831000100_phase1_foundation`
Applying migration `20260831000200_login_throttle`
Applying migration `20260831110936_phase2_financial_core`
Applying migration `20260831113840_phase3_excel_intelligence`
Applying migration `20260831114612_phase3_excel_source_type`
Applying migration `20260831121058_forecast_mvp_workflow`
Applying migration `20260831183000_agentic_runtime_os`
Applying migration `20260831184500_fix_agentic_tenant_guard`
Applying migration `20260831203000_dashboard_admin_closure`
Applying migration `20261009011000_accounting_ledger_prerequisite`
Applying migration `20261009012000_workflow_orchestration`
Applying migration `20261009015500_bank_ap_ar_foundation`
Applying migration `20261009023000_coa_reporting_metadata`
Applying migration `20261009031500_reporting_governance`
Applying migration `20261009040000_accounting_posting_approvals`
Applying migration `20261009041000_accounting_immutability`
Applying migration `20261009042000_accounting_approval_scope`
Applying migration `20261009050000_reporting_evidence_guards`

The following migration(s) have been applied:

migrations/
  └─ 20260831000100_phase1_foundation/
    └─ migration.sql
  └─ 20260831000200_login_throttle/
    └─ migration.sql
  └─ 20260831110936_phase2_financial_core/
    └─ migration.sql
  └─ 20260831113840_phase3_excel_intelligence/
    └─ migration.sql
  └─ 20260831114612_phase3_excel_source_type/
    └─ migration.sql
  └─ 20260831121058_forecast_mvp_workflow/
    └─ migration.sql
  └─ 20260831183000_agentic_runtime_os/
    └─ migration.sql
  └─ 20260831184500_fix_agentic_tenant_guard/
    └─ migration.sql
  └─ 20260831203000_dashboard_admin_closure/
    └─ migration.sql
  └─ 20261009011000_accounting_ledger_prerequisite/
    └─ migration.sql
  └─ 20261009012000_workflow_orchestration/
    └─ migration.sql
  └─ 20261009015500_bank_ap_ar_foundation/
    └─ migration.sql
  └─ 20261009023000_coa_reporting_metadata/
    └─ migration.sql
  └─ 20261009031500_reporting_governance/
    └─ migration.sql
  └─ 20261009040000_accounting_posting_approvals/
    └─ migration.sql
  └─ 20261009041000_accounting_immutability/
    └─ migration.sql
  └─ 20261009042000_accounting_approval_scope/
    └─ migration.sql
  └─ 20261009050000_reporting_evidence_guards/
    └─ migration.sql

All migrations have been successfully applied.
Environment variables loaded from .env
Prisma schema loaded from prisma\schema.prisma
Datasource "db": PostgreSQL database "planora_wave1_test", schema "cert_0ef661c852de4dd89d45f3435456c3db" at "127.0.0.1:55440"

18 migrations found in prisma/migrations

Database schema is up to date!

 RUN  v4.1.11 C:/Cdev/Planora MVP
      Coverage enabled with v8


 Test Files  1 passed (1)
      Tests  2 passed (2)
   Start at  15:59:10
   Duration  2.72s (transform 241ms, setup 45ms, import 419ms, tests 448ms, environment 0ms)


Isolated integration fixture: reporting-foundation.test.ts
Migration preflight accepted isolated test database 127.0.0.1/planora_wave1_test.
Environment variables loaded from .env
Prisma schema loaded from prisma\schema.prisma
Datasource "db": PostgreSQL database "planora_wave1_test", schema "cert_16879fa06fb241f1ae402944ff22352e" at "127.0.0.1:55440"

18 migrations found in prisma/migrations

Applying migration `20260831000100_phase1_foundation`
Applying migration `20260831000200_login_throttle`
Applying migration `20260831110936_phase2_financial_core`
Applying migration `20260831113840_phase3_excel_intelligence`
Applying migration `20260831114612_phase3_excel_source_type`
Applying migration `20260831121058_forecast_mvp_workflow`
Applying migration `20260831183000_agentic_runtime_os`
Applying migration `20260831184500_fix_agentic_tenant_guard`
Applying migration `20260831203000_dashboard_admin_closure`
Applying migration `20261009011000_accounting_ledger_prerequisite`
Applying migration `20261009012000_workflow_orchestration`
Applying migration `20261009015500_bank_ap_ar_foundation`
Applying migration `20261009023000_coa_reporting_metadata`
Applying migration `20261009031500_reporting_governance`
Applying migration `20261009040000_accounting_posting_approvals`
Applying migration `20261009041000_accounting_immutability`
Applying migration `20261009042000_accounting_approval_scope`
Applying migration `20261009050000_reporting_evidence_guards`

The following migration(s) have been applied:

migrations/
  └─ 20260831000100_phase1_foundation/
    └─ migration.sql
  └─ 20260831000200_login_throttle/
    └─ migration.sql
  └─ 20260831110936_phase2_financial_core/
    └─ migration.sql
  └─ 20260831113840_phase3_excel_intelligence/
    └─ migration.sql
  └─ 20260831114612_phase3_excel_source_type/
    └─ migration.sql
  └─ 20260831121058_forecast_mvp_workflow/
    └─ migration.sql
  └─ 20260831183000_agentic_runtime_os/
    └─ migration.sql
  └─ 20260831184500_fix_agentic_tenant_guard/
    └─ migration.sql
  └─ 20260831203000_dashboard_admin_closure/
    └─ migration.sql
  └─ 20261009011000_accounting_ledger_prerequisite/
    └─ migration.sql
  └─ 20261009012000_workflow_orchestration/
    └─ migration.sql
  └─ 20261009015500_bank_ap_ar_foundation/
    └─ migration.sql
  └─ 20261009023000_coa_reporting_metadata/
    └─ migration.sql
  └─ 20261009031500_reporting_governance/
    └─ migration.sql
  └─ 20261009040000_accounting_posting_approvals/
    └─ migration.sql
  └─ 20261009041000_accounting_immutability/
    └─ migration.sql
  └─ 20261009042000_accounting_approval_scope/
    └─ migration.sql
  └─ 20261009050000_reporting_evidence_guards/
    └─ migration.sql

All migrations have been successfully applied.
Environment variables loaded from .env
Prisma schema loaded from prisma\schema.prisma
Datasource "db": PostgreSQL database "planora_wave1_test", schema "cert_16879fa06fb241f1ae402944ff22352e" at "127.0.0.1:55440"

18 migrations found in prisma/migrations

Database schema is up to date!

 RUN  v4.1.11 C:/Cdev/Planora MVP
      Coverage enabled with v8


 Test Files  1 passed (1)
      Tests  1 passed (1)
   Start at  15:59:20
   Duration  2.79s (transform 215ms, setup 58ms, import 388ms, tests 523ms, environment 0ms)


Isolated integration fixture: reporting-governance.test.ts
Migration preflight accepted isolated test database 127.0.0.1/planora_wave1_test.
Environment variables loaded from .env
Prisma schema loaded from prisma\schema.prisma
Datasource "db": PostgreSQL database "planora_wave1_test", schema "cert_8d4c0ebfcb4741fca7b1bdc9d2c1b3d7" at "127.0.0.1:55440"

18 migrations found in prisma/migrations

Applying migration `20260831000100_phase1_foundation`
Applying migration `20260831000200_login_throttle`
Applying migration `20260831110936_phase2_financial_core`
Applying migration `20260831113840_phase3_excel_intelligence`
Applying migration `20260831114612_phase3_excel_source_type`
Applying migration `20260831121058_forecast_mvp_workflow`
Applying migration `20260831183000_agentic_runtime_os`
Applying migration `20260831184500_fix_agentic_tenant_guard`
Applying migration `20260831203000_dashboard_admin_closure`
Applying migration `20261009011000_accounting_ledger_prerequisite`
Applying migration `20261009012000_workflow_orchestration`
Applying migration `20261009015500_bank_ap_ar_foundation`
Applying migration `20261009023000_coa_reporting_metadata`
Applying migration `20261009031500_reporting_governance`
Applying migration `20261009040000_accounting_posting_approvals`
Applying migration `20261009041000_accounting_immutability`
Applying migration `20261009042000_accounting_approval_scope`
Applying migration `20261009050000_reporting_evidence_guards`

The following migration(s) have been applied:

migrations/
  └─ 20260831000100_phase1_foundation/
    └─ migration.sql
  └─ 20260831000200_login_throttle/
    └─ migration.sql
  └─ 20260831110936_phase2_financial_core/
    └─ migration.sql
  └─ 20260831113840_phase3_excel_intelligence/
    └─ migration.sql
  └─ 20260831114612_phase3_excel_source_type/
    └─ migration.sql
  └─ 20260831121058_forecast_mvp_workflow/
    └─ migration.sql
  └─ 20260831183000_agentic_runtime_os/
    └─ migration.sql
  └─ 20260831184500_fix_agentic_tenant_guard/
    └─ migration.sql
  └─ 20260831203000_dashboard_admin_closure/
    └─ migration.sql
  └─ 20261009011000_accounting_ledger_prerequisite/
    └─ migration.sql
  └─ 20261009012000_workflow_orchestration/
    └─ migration.sql
  └─ 20261009015500_bank_ap_ar_foundation/
    └─ migration.sql
  └─ 20261009023000_coa_reporting_metadata/
    └─ migration.sql
  └─ 20261009031500_reporting_governance/
    └─ migration.sql
  └─ 20261009040000_accounting_posting_approvals/
    └─ migration.sql
  └─ 20261009041000_accounting_immutability/
    └─ migration.sql
  └─ 20261009042000_accounting_approval_scope/
    └─ migration.sql
  └─ 20261009050000_reporting_evidence_guards/
    └─ migration.sql

All migrations have been successfully applied.
Environment variables loaded from .env
Prisma schema loaded from prisma\schema.prisma
Datasource "db": PostgreSQL database "planora_wave1_test", schema "cert_8d4c0ebfcb4741fca7b1bdc9d2c1b3d7" at "127.0.0.1:55440"

18 migrations found in prisma/migrations

Database schema is up to date!

 RUN  v4.1.11 C:/Cdev/Planora MVP
      Coverage enabled with v8


 Test Files  1 passed (1)
      Tests  8 passed (8)
   Start at  15:59:31
   Duration  2.18s (transform 149ms, setup 48ms, import 300ms, tests 519ms, environment 0ms)


Integration files: 10 passed, 0 failed.
